c:\users\kirpa\study\chess-game\build\debug\engine_core.pdb
c:\users\kirpa\study\chess-game\build\engine_core.dir\debug\parallel.obj
c:\users\kirpa\study\chess-game\build\engine_core.dir\debug\zobrist.obj
c:\users\kirpa\study\chess-game\build\engine_core.dir\debug\tt.obj
c:\users\kirpa\study\chess-game\build\engine_core.dir\debug\search.obj
c:\users\kirpa\study\chess-game\build\engine_core.dir\debug\eval.obj
c:\users\kirpa\study\chess-game\build\engine_core.dir\debug\movegen.obj
c:\users\kirpa\study\chess-game\build\engine_core.dir\debug\piece.obj
c:\users\kirpa\study\chess-game\build\engine_core.dir\debug\board.obj
c:\users\kirpa\study\chess-game\build\cmakefiles\generate.stamp
c:\users\kirpa\study\chess-game\build\debug\engine_core.lib
c:\users\kirpa\study\chess-game\build\engine_core.dir\debug\engine_core.tlog\cl.command.1.tlog
c:\users\kirpa\study\chess-game\build\engine_core.dir\debug\engine_core.tlog\cl.items.tlog
c:\users\kirpa\study\chess-game\build\engine_core.dir\debug\engine_core.tlog\cl.read.1.tlog
c:\users\kirpa\study\chess-game\build\engine_core.dir\debug\engine_core.tlog\cl.write.1.tlog
c:\users\kirpa\study\chess-game\build\engine_core.dir\debug\engine_core.tlog\custombuild.command.1.tlog
c:\users\kirpa\study\chess-game\build\engine_core.dir\debug\engine_core.tlog\custombuild.read.1.tlog
c:\users\kirpa\study\chess-game\build\engine_core.dir\debug\engine_core.tlog\custombuild.write.1.tlog
c:\users\kirpa\study\chess-game\build\engine_core.dir\debug\engine_core.tlog\lib-link.read.1.tlog
c:\users\kirpa\study\chess-game\build\engine_core.dir\debug\engine_core.tlog\lib-link.write.1.tlog
c:\users\kirpa\study\chess-game\build\engine_core.dir\debug\engine_core.tlog\lib.command.1.tlog
